// Jest Snapshot v1, https://goo.gl/fbAQLP

exports[`PhotoList tests matches snapshot 1`] = `
<DocumentFragment>
  <div />
</DocumentFragment>
`;
